// Vitest Snapshot v1, https://vitest.dev/guide/snapshot.html

exports[`DatePicker Component > should render as expected 1`] = `
"<div class="dp__main dp__theme_light date-selection" data-datepicker-instance="">
  <div>
    <!---->
    <div class="dp__input_wrap">
      <!----><input data-test="dp-input" class="dp__pointer dp__input_readonly dp__input dp__input_reg" inputmode="none" placeholder="" autocomplete="off" aria-label="Datepicker input">
      <div>
        <!---->
        <!---->
      </div>
      <!---->
      <!---->
    </div>
  </div>
  <!--teleport start-->
  <!--teleport end-->
</div>"
`;
